
  [32m[1mVITE[22m v6.4.3[39m  [2mready in [0m[1m595[22m[2m[0m ms[22m

  [32m➜[39m  [1mLocal[22m:   [36mhttp://localhost:[1m5173[22m/[39m
[2m9:40:00 PM[22m [36m[1m[vite][22m[39m [90m[2m(client)[22m[39m [32mhmr update [39m[2m/src/features/kyc/KycPage.tsx[22m
[2m9:40:03 PM[22m [36m[1m[vite][22m[39m [90m[2m(client)[22m[39m [32mhmr update [39m[2m/src/features/kyc/KycPage.tsx[22m
[2m9:50:04 PM[22m [36m[1m[vite][22m[39m [90m[2m(client)[22m[39m [32mhmr update [39m[2m/src/features/settings/SettingsPage.tsx[22m
[2m9:50:06 PM[22m [36m[1m[vite][22m[39m [90m[2m(client)[22m[39m [32mhmr update [39m[2m/src/features/settings/SettingsPage.tsx[22m
[2m9:50:08 PM[22m [36m[1m[vite][22m[39m [90m[2m(client)[22m[39m [32mhmr update [39m[2m/src/features/settings/SettingsPage.tsx[22m
[2m9:50:10 PM[22m [36m[1m[vite][22m[39m [90m[2m(client)[22m[39m [32mhmr update [39m[2m/src/app/router.tsx[22m
[2m9:57:23 PM[22m [36m[1m[vite][22m[39m [90m[2m(client)[22m[39m [32mhmr update [39m[2m/src/features/transactions/TransactionListPage.tsx[22m
[2m9:57:26 PM[22m [36m[1m[vite][22m[39m [90m[2m(client)[22m[39m [32mhmr update [39m[2m/src/features/transactions/TransactionListPage.tsx[22m
[2m9:57:26 PM[22m [36m[1m[vite][22m[39m [90m[2m(client)[22m[39m [33mhmr invalidate [39m[2m/src/features/transactions/TransactionListPage.tsx[22m Could not Fast Refresh (new export)
[2m9:57:26 PM[22m [36m[1m[vite][22m[39m [90m[2m(client)[22m[39m [32mhmr update [39m[2m/src/app/router.tsx[22m
[2m9:58:13 PM[22m [36m[1m[vite][22m[39m [90m[2m(client)[22m[39m [32mhmr update [39m[2m/src/features/transactions/TransactionListPage.tsx[22m
[2m9:58:13 PM[22m [36m[1m[vite][22m[39m [90m[2m(client)[22m[39m [33mhmr invalidate [39m[2m/src/features/transactions/TransactionListPage.tsx[22m Could not Fast Refresh (export removed)
[2m9:58:13 PM[22m [36m[1m[vite][22m[39m [90m[2m(client)[22m[39m [32mhmr update [39m[2m/src/app/router.tsx[22m
[2m10:06:30 PM[22m [36m[1m[vite][22m[39m [90m[2m(client)[22m[39m [32mhmr update [39m[2m/src/app/router.tsx[22m
[2m10:08:28 PM[22m [36m[1m[vite][22m[39m [90m[2m(client)[22m[39m [32mhmr update [39m[2m/src/features/agents/AgentListPage.tsx[22m
[2m10:08:31 PM[22m [36m[1m[vite][22m[39m [90m[2m(client)[22m[39m [32mhmr update [39m[2m/src/features/agents/AgentListPage.tsx[22m
[2m10:09:49 PM[22m [36m[1m[vite][22m[39m [90m[2m(client)[22m[39m [32mhmr update [39m[2m/src/features/agents/AgentListPage.tsx[22m
[2m10:14:35 PM[22m [36m[1m[vite][22m[39m [90m[2m(client)[22m[39m [32mhmr update [39m[2m/src/app/router.tsx[22m
[2m10:34:41 AM[22m [36m[1m[vite][22m[39m [90m[2m(client)[22m[39m [32mhmr update [39m[2m/src/features/dashboard/DashboardPage.tsx, /src/features/transactions/TransactionListPage.tsx[22m
[2m10:34:43 AM[22m [36m[1m[vite][22m[39m [90m[2m(client)[22m[39m [32mhmr update [39m[2m/src/features/transactions/TransactionListPage.tsx[22m
[2m10:34:51 AM[22m [36m[1m[vite][22m[39m [90m[2m(client)[22m[39m [32mhmr update [39m[2m/src/features/transactions/TransactionListPage.tsx[22m
[2m11:12:18 AM[22m [36m[1m[vite][22m[39m [90m[2m(client)[22m[39m [32mhmr update [39m[2m/src/features/transactions/TransactionListPage.tsx[22m
[2m11:12:26 AM[22m [36m[1m[vite][22m[39m [90m[2m(client)[22m[39m [32mhmr update [39m[2m/src/features/transactions/TransactionListPage.tsx[22m
[2m11:23:54 AM[22m [36m[1m[vite][22m[39m [90m[2m(client)[22m[39m [32mhmr update [39m[2m/src/features/dashboard/DashboardPage.tsx, /src/features/transactions/TransactionListPage.tsx[22m
[2m11:23:58 AM[22m [36m[1m[vite][22m[39m [90m[2m(client)[22m[39m [32mhmr update [39m[2m/src/features/transactions/TransactionListPage.tsx[22m
